  Determining projects to restore...
  All projects are up-to-date for restore.
  MangaMesh.Shared -> C:\Users\cameron\source\repos\mangamesh\src\MangaMesh.Shared\bin\Debug\net10.0\MangaMesh.Shared.dll
  MangaMesh.Peer.Core -> C:\Users\cameron\source\repos\mangamesh\src\MangaMesh.Peer\MangaMesh.Peer.Core\bin\Debug\net10.0\MangaMesh.Peer.Core.dll
  MangaMesh.Index.Api -> C:\Users\cameron\source\repos\mangamesh\src\MangaMesh.Index\bin\Debug\net10.0\MangaMesh.Index.Api.dll
  MangaMesh.Peer.GatewayApi -> C:\Users\cameron\source\repos\mangamesh\src\MangaMesh.Peer\MangaMesh.Peer.GatewayApi\bin\Debug\net10.0\MangaMesh.Peer.GatewayApi.dll
  MangaMesh.IntegrationTests -> C:\Users\cameron\source\repos\mangamesh\tests\MangaMesh.IntegrationTests\bin\Debug\net10.0\MangaMesh.IntegrationTests.dll
Test run for C:\Users\cameron\source\repos\mangamesh\tests\MangaMesh.IntegrationTests\bin\Debug\net10.0\MangaMesh.IntegrationTests.dll (.NETCoreApp,Version=v10.0)
VSTest version 18.0.1 (x64)

Starting test execution, please wait...
A total of 1 test files matched the specified pattern.
  Failed ImportChapter_RegistersSeriesAndAnnouncesManifest [933 ms]
  Error Message:
   Test method MangaMesh.IntegrationTests.ImportChapterTests.ImportChapter_RegistersSeriesAndAnnouncesManifest threw exception:
System.InvalidOperationException: Tracker announce failed (NotFound): 
  Stack Trace:
     at MangaMesh.Peer.Core.Tracker.TrackerClient.AnnounceManifestAsync(AnnounceManifestRequest announcement, CancellationToken ct) in C:\Users\cameron\source\repos\mangamesh\src\MangaMesh.Peer\MangaMesh.Peer.Core\Tracker\TrackerClient.cs:line 131
   at MangaMesh.Peer.Core.Chapters.ImportChapterService.AnnounceWithRetryAsync(AnnounceManifestRequest request) in C:\Users\cameron\source\repos\mangamesh\src\MangaMesh.Peer\MangaMesh.Peer.Core\Chapters\ImportChapterService.cs:line 272
   at MangaMesh.Peer.Core.Chapters.ImportChapterService.ImportAsync(ImportChapterRequest request, CancellationToken ct) in C:\Users\cameron\source\repos\mangamesh\src\MangaMesh.Peer\MangaMesh.Peer.Core\Chapters\ImportChapterService.cs:line 172
   at MangaMesh.IntegrationTests.ImportChapterTests.ImportChapter_RegistersSeriesAndAnnouncesManifest() in C:\Users\cameron\source\repos\mangamesh\tests\MangaMesh.IntegrationTests\ImportChapterTests.cs:line 142
   at Microsoft.VisualStudio.TestPlatform.MSTest.TestAdapter.Execution.TestMethodInfo.<>c__DisplayClass55_1.<<ExecuteInternalAsync>b__1>d.MoveNext() in /_/src/Adapter/MSTestAdapter.PlatformServices/Execution/TestMethodInfo.cs:line 424
--- End of stack trace from previous location ---
   at Microsoft.VisualStudio.TestPlatform.MSTest.TestAdapter.Execution.TestMethodInfo.ExecuteInternalAsync(Object[] arguments, CancellationTokenSource timeoutTokenSource) in /_/src/Adapter/MSTestAdapter.PlatformServices/Execution/TestMethodInfo.cs:line 442

  Standard Output Messages:
 info: Microsoft.Hosting.Lifetime[0]
       Application started. Press Ctrl+C to shut down.
 info: Microsoft.Hosting.Lifetime[0]
       Hosting environment: Development
 info: Microsoft.Hosting.Lifetime[0]
       Content root path: C:\Users\cameron\source\repos\mangamesh\src\MangaMesh.Index
 info: Microsoft.Hosting.Lifetime[0]
       Application started. Press Ctrl+C to shut down.
 info: Microsoft.Hosting.Lifetime[0]
       Hosting environment: Development
 info: Microsoft.Hosting.Lifetime[0]
       Content root path: C:\Users\cameron\source\repos\mangamesh\src\MangaMesh.Index
 info: Microsoft.EntityFrameworkCore.Update[30100]
       Saved 1 entities to in-memory store.
 warn: Microsoft.AspNetCore.HttpsPolicy.HttpsRedirectionMiddleware[3]
       Failed to determine the https port for redirect.
 info: Microsoft.EntityFrameworkCore.Update[30100]
       Saved 1 entities to in-memory store.
 info: Microsoft.EntityFrameworkCore.Update[30100]
       Saved 1 entities to in-memory store.
 info: Microsoft.Hosting.Lifetime[0]
       Application is shutting down...



Failed!  - Failed:     1, Passed:     0, Skipped:     0, Total:     1, Duration: 946 ms - MangaMesh.IntegrationTests.dll (net10.0)
